// Jest Snapshot v1, https://goo.gl/fbAQLP

exports[`modal delete renders modal delete snapshot 1`] = `
<DocumentFragment>
  <div
    class="section-modal-delete"
  >
    <p
      class="section-modal-delete__text"
    >
      Are you sure you want to delete this movie?
    </p>
    <button
      class="btn btn-outline btn-outline-corral btn-align-right"
      type="submit"
    >
      Confirm
    </button>
  </div>
</DocumentFragment>
`;
