// Jest Snapshot v1, https://goo.gl/fbAQLP

exports[`datepicker renders datepicker snapshot 1`] = `
<DocumentFragment>
  <div
    class="base-datepicker"
  >
    <span
      class="base-datepicker__label"
    >
      Release Date
    </span>
    <div
      class="react-datepicker-wrapper"
    >
      <div
        class="react-datepicker__input-container"
      >
        <input
          class="base-datepicker__input"
          name="release_date"
          type="text"
          value=""
        />
      </div>
    </div>
  </div>
</DocumentFragment>
`;
